Running: /opt/Xilinx/14.7/ISE_DS/ISE/bin/lin64/unwrapped/fuse -intstyle ise -incremental -lib secureip -o /home/rashed/computer/register_8bit_tb_isim_beh.exe -prj /home/rashed/computer/register_8bit_tb_beh.prj work.register_8bit_tb 
ISim P.20131013 (signature 0xfbc00daa)
Number of CPUs detected in this system: 2
Turning on mult-threading, number of parallel sub-compilation jobs: 4 
Determining compilation order of HDL files
Parsing VHDL file "/home/rashed/computer/reg_8bit.vhd" into library work
Parsing VHDL file "/home/rashed/computer/reg_8bit_tb.vhd" into library work
Starting static elaboration
Completed static elaboration
Fuse Memory Usage: 95032 KB
Fuse CPU Usage: 1080 ms
Compiling package standard
Compiling package std_logic_1164
Compiling architecture behavioral of entity register_8bit [register_8bit_default]
Compiling architecture behavioral of entity register_8bit_tb
Time Resolution for simulation is 1ps.
Waiting for 3 sub-compilation(s) to finish...
Compiled 5 VHDL Units
Built simulation executable /home/rashed/computer/register_8bit_tb_isim_beh.exe
Fuse Memory Usage: 398612 KB
Fuse CPU Usage: 1100 ms
GCC CPU Usage: 150 ms
