Running: /opt/Xilinx/14.7/ISE_DS/ISE/bin/lin64/unwrapped/fuse -intstyle ise -incremental -lib secureip -o /home/ise/Linked_Folder/fulladder/register_8bit_tb_isim_beh.exe -prj /home/ise/Linked_Folder/fulladder/register_8bit_tb_beh.prj work.register_8bit_tb 
ISim P.20131013 (signature 0xfbc00daa)
Number of CPUs detected in this system: 1
Turning on mult-threading, number of parallel sub-compilation jobs: 0 
Determining compilation order of HDL files
Parsing VHDL file "/home/ise/Linked_Folder/fulladder/nand_gate.vhd" into library work
Parsing VHDL file "/home/ise/Linked_Folder/fulladder/sr_latch.vhd" into library work
Parsing VHDL file "/home/ise/Linked_Folder/fulladder/not_gate.vhd" into library work
Parsing VHDL file "/home/ise/Linked_Folder/fulladder/d_latch.vhd" into library work
Parsing VHDL file "/home/ise/Linked_Folder/fulladder/master_slave_ff.vhd" into library work
Parsing VHDL file "/home/ise/Linked_Folder/fulladder/register_8bit.vhd" into library work
Parsing VHDL file "/home/ise/Linked_Folder/fulladder/register_8bit_tb.vhd" into library work
Starting static elaboration
Completed static elaboration
Fuse Memory Usage: 95484 KB
Fuse CPU Usage: 490 ms
Compiling package standard
Compiling package std_logic_1164
Compiling architecture behavioral of entity nand_gate [nand_gate_default]
Compiling architecture structural of entity not_gate [not_gate_default]
Compiling architecture structural of entity sr_latch [sr_latch_default]
Compiling architecture structural of entity d_latch [d_latch_default]
Compiling architecture structural of entity master_slave_ff [master_slave_ff_default]
Compiling architecture structural of entity register_8bit [register_8bit_default]
Compiling architecture behavioral of entity register_8bit_tb
Time Resolution for simulation is 1ps.
Compiled 15 VHDL Units
Built simulation executable /home/ise/Linked_Folder/fulladder/register_8bit_tb_isim_beh.exe
Fuse Memory Usage: 104180 KB
Fuse CPU Usage: 540 ms
GCC CPU Usage: 270 ms
